{
    "type": "stylesheet",
    "stylesheet": {
        "rules": [
            {
                "type": "rule",
                "selectors": [
                    "body"
                ],
                "declarations": [
                    {
                        "type": "declaration",
                        "property": "background",
                        "value": "#eee"
                    },
                    {
                        "type": "declaration",
                        "property": "color",
                        "value": "#888"
                    }
                ]
            }
        ]
    }
}