{"type":"stylesheet","stylesheet":{"rules":[{"type":"rule","selectors":["body"],"declarations":[{"type":"declaration","property":"background","value":"#eee","position":{"start":{"line":2,"column":5},"end":{"line":2,"column":21}}},{"type":"declaration","property":"color","value":"#888","position":{"start":{"line":3,"column":5},"end":{"line":3,"column":16}}}],"position":{"start":{"line":1,"column":1},"end":{"line":4,"column":2}}}]}}